1)Подключитесь к публичному маршрутизатору в интернет. Найдите маршрут к вашему публичному IP
vagrant@netology1:~$ telnet route-views.routeviews.org
Trying 128.223.51.103...
Connected to route-views.routeviews.org.
Escape character is '^]'.
C
**********************************************************************

                    RouteViews BGP Route Viewer
                    route-views.routeviews.org

 route views data is archived on http://archive.routeviews.org

 This hardware is part of a grant by the NSF.
 Please contact help@routeviews.org if you have questions, or
 if you wish to contribute your view.

 This router has views of full routing tables from several ASes.
 The list of peers is located at http://www.routeviews.org/peers
 in route-views.oregon-ix.net.txt

 NOTE: The hardware was upgraded in August 2014.  If you are seeing
 the error message, "no default Kerberos realm", you may want to
 in Mac OS X add "default unset autologin" to your ~/.telnetrc

 To login, use the username "rviews".

 **********************************************************************


User Access Verification

Username: rviews

route-views>show ip route 109.252.11*.***
Routing entry for 109.252.0.0/16
  Known via "bgp 6447", distance 20, metric 0
  Tag 8283, type external
  Last update from 94.142.247.3 4d22h ago
  Routing Descriptor Blocks:
  * 94.142.247.3, from 94.142.247.3, 4d22h ago
      Route metric is 0, traffic share count is 1
      AS Hops 3
      Route tag 8283
      MPLS label: none


route-views>show bgp 109.252.11*.***
BGP routing table entry for 109.252.0.0/16, version 1391417923
Paths: (24 available, best #13, table default)
  Not advertised to any peer
  Refresh Epoch 1
  6939 8359 25513
    64.71.137.241 from 64.71.137.241 (216.218.252.164)
      Origin IGP, localpref 100, valid, external
      path 7FE15B593A70 RPKI State not found
      rx pathid: 0, tx pathid: 0
  Refresh Epoch 3
  3303 8359 25513
    217.192.89.50 from 217.192.89.50 (138.187.128.158)
      Origin IGP, localpref 100, valid, external
      Community: 0:151 3303:1004 3303:1006 3303:1030 3303:3054 8359:100 8359:5500 8359:55277
      path 7FE114A17770 RPKI State not found
      rx pathid: 0, tx pathid: 0
  Refresh Epoch 1
  3356 8359 25513
    4.68.4.46 from 4.68.4.46 (4.69.184.201)
      Origin IGP, metric 0, localpref 100, valid, external
      Community: 0:151 3356:2 3356:22 3356:100 3356:123 3356:519 3356:903 3356:2094 8359:100 8359:5500 8359:55277
      path 7FE0BB6A8E78 RPKI State not found
      rx pathid: 0, tx pathid: 0
  Refresh Epoch 1
  3549 3356 8359 25513
    208.51.134.254 from 208.51.134.254 (67.16.168.191)
      Origin IGP, metric 0, localpref 100, valid, external
      Community: 0:151 3356:2 3356:22 3356:100 3356:123 3356:519 3356:903 3356:2094 3549:2581 3549:30840 8359:100 8359:5500 8359:55277
      path 7FE0F2358090 RPKI State not found
      rx pathid: 0, tx pathid: 0
  Refresh Epoch 1
  4901 6079 8359 25513
    162.250.137.254 from 162.250.137.254 (162.250.137.254)
      Origin IGP, localpref 100, valid, external
      Community: 65000:10100 65000:10300 65000:10400
      path 7FE03A37E9A8 RPKI State not found
      rx pathid: 0, tx pathid: 0
  Refresh Epoch 1
  7660 2516 1299 8359 25513
    203.181.248.168 from 203.181.248.168 (203.181.248.168)
      Origin IGP, localpref 100, valid, external
      Community: 2516:1030 7660:9003
      path 7FE126621118 RPKI State not found
      rx pathid: 0, tx pathid: 0
  Refresh Epoch 1
  3267 1299 8359 25513
    194.85.40.15 from 194.85.40.15 (185.141.126.1)
      Origin IGP, metric 0, localpref 100, valid, external
      path 7FE04707E7F8 RPKI State not found
      rx pathid: 0, tx pathid: 0
  Refresh Epoch 1
  57866 3356 8359 25513
    37.139.139.17 from 37.139.139.17 (37.139.139.17)
      Origin IGP, metric 0, localpref 100, valid, external
      Community: 0:151 3356:2 3356:22 3356:100 3356:123 3356:519 3356:903 3356:2094 8359:100 8359:5500 8359:55277
      path 7FE171A801A8 RPKI State not found
      rx pathid: 0, tx pathid: 0
  Refresh Epoch 1
  7018 3356 8359 25513
    12.0.1.63 from 12.0.1.63 (12.0.1.63)
      Origin IGP, localpref 100, valid, external
      Community: 7018:5000 7018:37232
      path 7FE0A291C7D8 RPKI State not found
      rx pathid: 0, tx pathid: 0
  Refresh Epoch 1
  3333 8359 25513
    193.0.0.56 from 193.0.0.56 (193.0.0.56)
      Origin IGP, localpref 100, valid, external
      Community: 0:151 8359:100 8359:5500 8359:55277
      path 7FE017F06360 RPKI State not found
      rx pathid: 0, tx pathid: 0
  Refresh Epoch 1
  49788 12552 8359 25513
    91.218.184.60 from 91.218.184.60 (91.218.184.60)
      Origin IGP, localpref 100, valid, external
      Community: 12552:12000 12552:12100 12552:12101 12552:22000
      Extended Community: 0x43:100:1
      path 7FE0FC0C2BD0 RPKI State not found
      rx pathid: 0, tx pathid: 0
  Refresh Epoch 1
  20912 3257 3356 8359 25513
    212.66.96.126 from 212.66.96.126 (212.66.96.126)
      Origin IGP, localpref 100, valid, external
      Community: 3257:8070 3257:30515 3257:50001 3257:53900 3257:53902 20912:65004
      path 7FE09E345C20 RPKI State not found
      rx pathid: 0, tx pathid: 0
  Refresh Epoch 1
  8283 8359 25513
    94.142.247.3 from 94.142.247.3 (94.142.247.3)
      Origin IGP, metric 0, localpref 100, valid, external, best
      Community: 0:151 8283:1 8283:101 8359:100 8359:5500 8359:55277
      unknown transitive attribute: flag 0xE0 type 0x20 length 0x18
        value 0000 205B 0000 0000 0000 0001 0000 205B
              0000 0005 0000 0001
      path 7FE0C221DEE0 RPKI State not found
      rx pathid: 0, tx pathid: 0x0
  Refresh Epoch 1
  2497 3356 8359 25513
    202.232.0.2 from 202.232.0.2 (58.138.96.254)
      Origin IGP, localpref 100, valid, external
      path 7FE0DA49B370 RPKI State not found
      rx pathid: 0, tx pathid: 0
  Refresh Epoch 1
  1221 4637 3356 8359 25513
    203.62.252.83 from 203.62.252.83 (203.62.252.83)
      Origin IGP, localpref 100, valid, external
      path 7FE164D7C408 RPKI State not found
      rx pathid: 0, tx pathid: 0
  Refresh Epoch 1
  852 3356 8359 25513
    154.11.12.212 from 154.11.12.212 (96.1.209.43)
      Origin IGP, metric 0, localpref 100, valid, external
      path 7FE1168FE068 RPKI State not found
      rx pathid: 0, tx pathid: 0
  Refresh Epoch 1
  20130 6939 8359 25513
    140.192.8.16 from 140.192.8.16 (140.192.8.16)
      Origin IGP, localpref 100, valid, external
      path 7FE0A8910C08 RPKI State not found
      rx pathid: 0, tx pathid: 0
  Refresh Epoch 1
  701 3356 8359 25513
    137.39.3.55 from 137.39.3.55 (137.39.3.55)
      Origin IGP, localpref 100, valid, external
      path 7FE0351E0CE8 RPKI State not found
      rx pathid: 0, tx pathid: 0
  Refresh Epoch 1
  3257 3356 8359 25513
    89.149.178.10 from 89.149.178.10 (213.200.83.26)
      Origin IGP, metric 10, localpref 100, valid, external
      Community: 3257:8794 3257:30043 3257:50001 3257:54900 3257:54901
      path 7FE021C1C540 RPKI State not found
      rx pathid: 0, tx pathid: 0
  Refresh Epoch 1
  53767 14315 6453 6453 3356 8359 25513
    162.251.163.2 from 162.251.163.2 (162.251.162.3)
      Origin IGP, localpref 100, valid, external
      Community: 14315:5000 53767:5000
      path 7FE14B0935B0 RPKI State not found
      rx pathid: 0, tx pathid: 0
  Refresh Epoch 1
  101 3356 8359 25513
    209.124.176.223 from 209.124.176.223 (209.124.176.223)
      Origin IGP, localpref 100, valid, external
      Community: 0:151 101:20100 101:20110 101:22100 3356:2 3356:22 3356:100 3356:123 3356:519 3356:903 3356:2094 8359:100 8359:5500 8359:55277
      Extended Community: RT:101:22100
      path 7FE1876AA7C8 RPKI State not found
      rx pathid: 0, tx pathid: 0
  Refresh Epoch 1
  3561 3910 3356 8359 25513
    206.24.210.80 from 206.24.210.80 (206.24.210.80)
      Origin IGP, localpref 100, valid, external
      path 7FE0F526EA10 RPKI State not found
      rx pathid: 0, tx pathid: 0
  Refresh Epoch 1
  1351 8359 25513
    132.198.255.253 from 132.198.255.253 (132.198.255.253)
      Origin IGP, localpref 100, valid, external
      path 7FE02B84F3F0 RPKI State not found
      rx pathid: 0, tx pathid: 0
  Refresh Epoch 1
  19214 3257 3356 8359 25513
    208.74.64.40 from 208.74.64.40 (208.74.64.40)
      Origin IGP, localpref 100, valid, external
      Community: 3257:8108 3257:30048 3257:50002 3257:51200 3257:51203
      path 7FE00ADFC2A8 RPKI State not found
      rx pathid: 0, tx pathid: 0






2)Создайте dummy0 интерфейс в Ubuntu.

vagrant@netology1:~$ sudo vim /etc/systemd/network/10-dummy0.netdev

[NetDev]
Name=dummy0
Kind=dummy

vagrant@netology1:~$ sudo vim /etc/systemd/network/20-dummy0.network

[Match]
Name=dummy0

[Network]
Address=10.2.2.2/32

vagrant@netology1:~$ sudo systemctl restart systemd-networkd
vagrant@netology1:~$ ip -br -c a | grep dummy
dummy0           UNKNOWN        10.2.2.2/32 fe80::61:e8ff:fece:b1cb/64


-Добавьте несколько статических маршрутов

vagrant@netology1:~$ sudo ip route add 8.8.8.8 dev dummy0
vagrant@netology1:~$ sudo ip route add 8.8.4.4 dev dummy0 metric 100
vagrant@netology1:~$ ip -br -c route | grep dummy
8.8.4.4 dev dummy0 scope link metric 100
8.8.8.8 dev dummy0 scope link

-Проверьте таблицу маршрутизации.
vagrant@netology1:~$ sudo vim  /etc/iproute2/rt_tables

#
# reserved values
#
255     local
254     main
253     default
0       unspec
#
# local
#
#1      inr.ruhep
100 table1

vagrant@netology1:~$ sudo ip rule add from 8.8.8.8 table table1
vagrant@netology1:~$ sudo ip route add default via 8.8.8.8 dev dummy0 table table1
vagrant@netology1:~$ ip rule ls
0:      from all lookup local
32765:  from 8.8.8.8 lookup table1
32766:  from all lookup main
32767:  from all lookup default

vagrant@netology1:~$ ip route show table table1
default via 8.8.8.8 dev dummy0




3)Проверьте открытые TCP порты в Ubuntu, какие протоколы и приложения используют эти порты? Приведите несколько примеров.


vagrant@netology1:~$ sudo netstat -plnt
// -t Показать TCP-порты
// -l Показывает только прослушивающие порты
// -n Он покажет нам числовые адреса вместо разрешения хостов
// -p Отображает PID.

Active Internet connections (only servers)
Proto Recv-Q Send-Q Local Address           Foreign Address         State       PID/Program name
tcp        0      0 0.0.0.0:111             0.0.0.0:*               LISTEN      1/init
tcp        0      0 127.0.0.53:53           0.0.0.0:*               LISTEN      564/systemd-resolve
tcp        0      0 0.0.0.0:22              0.0.0.0:*               LISTEN      1013/sshd: /usr/sbi
tcp6       0      0 :::111                  :::*                    LISTEN      1/init
tcp6       0      0 :::22                   :::*                    LISTEN      1013/sshd: /usr/sbi


vagrant@netology1:~$ sudo lsof -nP -iTCP -sTCP:LISTEN
COMMAND    PID            USER   FD   TYPE DEVICE SIZE/OFF NODE NAME
systemd      1            root   35u  IPv4  16081      0t0  TCP *:111 (LISTEN)
systemd      1            root   37u  IPv6  16085      0t0  TCP *:111 (LISTEN)
rpcbind    561            _rpc    4u  IPv4  16081      0t0  TCP *:111 (LISTEN)
rpcbind    561            _rpc    6u  IPv6  16085      0t0  TCP *:111 (LISTEN)
systemd-r  564 systemd-resolve   13u  IPv4  20442      0t0  TCP 127.0.0.53:53 (LISTEN)
sshd      1013            root    3u  IPv4  24743      0t0  TCP *:22 (LISTEN)
sshd      1013            root    4u  IPv6  24754      0t0  TCP *:22 (LISTEN)


vagrant@netology1:~$ sudo ss -plnut
Netid        State         Recv-Q        Send-Q                Local Address:Port               Peer Address:Port       Process
udp          UNCONN        0             0                     127.0.0.53%lo:53                      0.0.0.0:*           users:(("systemd-resolve",pid=564,fd=12))
udp          UNCONN        0             0                    10.0.2.15%eth0:68                      0.0.0.0:*           users:(("systemd-network",pid=12824,fd=22))
udp          UNCONN        0             0                           0.0.0.0:111                     0.0.0.0:*           users:(("rpcbind",pid=561,fd=5),("systemd",pid=1,fd=36))
udp          UNCONN        0             0                              [::]:111                        [::]:*           users:(("rpcbind",pid=561,fd=7),("systemd",pid=1,fd=38))
tcp          LISTEN        0             4096                        0.0.0.0:111                     0.0.0.0:*           users:(("rpcbind",pid=561,fd=4),("systemd",pid=1,fd=35))
tcp          LISTEN        0             4096                  127.0.0.53%lo:53                      0.0.0.0:*           users:(("systemd-resolve",pid=564,fd=13))
tcp          LISTEN        0             128                         0.0.0.0:22                      0.0.0.0:*           users:(("sshd",pid=1013,fd=3))
tcp          LISTEN        0             4096                           [::]:111                        [::]:*           users:(("rpcbind",pid=561,fd=6),("systemd",pid=1,fd=37))
tcp          LISTEN        0             128                            [::]:22                         [::]:*           users:(("sshd",pid=1013,fd=4))

4)Проверьте используемые UDP сокеты в Ubuntu, какие протоколы и приложения используют эти порты?
видно в прошлом ss в прошлом upd, такие как systemd-resolve systemd-network rpcbind

5)Используя diagrams.net, создайте L3 диаграмму вашей домашней сети или любой другой сети, с которой вы работали.
еще в унике строил, а так вот последняя с работы.

https://disk.yandex.ru/i/ULgseU4hqnUzxg

6* Установите Nginx, настройте в режиме балансировщика TCP или UDP.
// с самим nginx работал, но не в режиме балансировщика, думаю если понадобится, по гайдам в инете не сложно

7*. Установите bird2, настройте динамический протокол маршрутизации RIP.
// не быстрое это дело, послушал на лекции, почитал, понял.

8*. Установите Netbox, создайте несколько IP префиксов, используя curl проверьте работу API.
// посмотрел, там есть видеогайд как поставить на пол часа, на оф сайте, почитал посмотрел

